// Jest Snapshot v1, https://goo.gl/fbAQLP

exports[`Should render FormFile correctly 1`] = `
<DocumentFragment>
  <div
    class="mb-3"
  >
    <label
      class="form-label"
    >
      this is label
    </label>
    <input
      class="form-control is-valid"
      placeholder="this is placeholder"
      type="file"
    />
    <small
      class="form-text"
      id="id"
    >
      this is value
    </small>
  </div>
</DocumentFragment>
`;
