// Jest Snapshot v1, https://goo.gl/fbAQLP

exports[`should render StyledContainer correctly 1`] = `
<DocumentFragment>
  <div
    class="sc-bcXHqe heOmnA container"
  />
</DocumentFragment>
`;
