// Jest Snapshot v1, https://goo.gl/fbAQLP

exports[`should render FormInput correctly 1`] = `
<DocumentFragment>
  <div
    class="mb-3"
  >
    <label
      class="form-label"
    />
    <input
      class="form-control"
      value=""
    />
  </div>
</DocumentFragment>
`;
