// Jest Snapshot v1, https://goo.gl/fbAQLP

exports[`should render empty state component correctly 1`] = `
<DocumentFragment>
  <h4
    class="sc-bcXHqe hdXpYB"
  >
    List is empty
  </h4>
</DocumentFragment>
`;
